Microchip MPLAB XC8 Compiler V1.34 ()

Linker command line:

--edf=/Applications/microchip/xc8/v1.34/dat/en_msgs.txt -cs \
  -h+dist/default/production/ModuleGarage.X.production.sym \
  --cmf=dist/default/production/ModuleGarage.X.production.cmf -z -Q18F2520 \
  -o/tmp/cgtjCV0y6 -Mdist/default/production/ModuleGarage.X.production.map \
  -E1 -ver=XC8 -ASTACK=02C8h-05ffh -pstack=STACK -ACODE=00h-07FFFh \
  -ACONST=00h-07FFFh -ASMALLCONST=0600h-06FFhx122 \
  -AMEDIUMCONST=0600h-07FFFh -ACOMRAM=01h-07Fh -AABS1=00h-05FFh \
  -ABIGRAM=01h-05FFh -ARAM=080h-0FFh,0100h-01FFhx5 -ABANK0=080h-0FFh \
  -ABANK1=0100h-01FFh -ABANK2=0200h-02FFh -ABANK3=0300h-03FFh \
  -ABANK4=0400h-04FFh -ABANK5=0500h-05FFh -ASFR=0F80h-0FFFh \
  -preset_vec=00h,intcode=08h,intcodelo,powerup,init,end_init \
  -pramtop=0600h -psmallconst=SMALLCONST -pmediumconst=MEDIUMCONST \
  -pconst=CONST -AFARRAM=00h-00h -ACONFIG=0300000h-030000Dh -pconfig=CONFIG \
  -AIDLOC=0200000h-0200007h -pidloc=IDLOC -AEEDATA=0F00000h-0F000FFh \
  -peeprom_data=EEDATA \
  -prdata=COMRAM,nvrram=COMRAM,nvbit=COMRAM,rbss=COMRAM,rbit=COMRAM \
  -pfarbss=FARRAM,fardata=FARRAM,nvFARRAM=FARRAM \
  -pintsave_regs=BIGRAM,bigbss=BIGRAM,bigdata=BIGRAM -pbss=RAM \
  -pidata=CODE,irdata=CODE,ibigdata=CODE,ifardata=CODE -prparam=COMRAM \
  /tmp/cgtEmvPdH.obj dist/default/production/ModuleGarage.X.production.obj 

Object code version is 3.11

Machine type is 18F2520

Call graph: (short form)




                Name                               Link     Load   Length Selector   Space Scale
/tmp/cgtEmvPdH.obj
                end_init                             18       18        4        4       0
                reset_vec                             0        0        4        0       0
                idloc                            200000   200000        8   200000       0
                config                           300000   300000        E   300000       0
dist/default/production/ModuleGarage.X.production.obj
                intcode                               8        8       10        4       0
                text8                               24E      24E        C        4       0
                text7                                B6       B6       82        4       0
                intcode_body                         1C       1C       9A        4       0
                text5                               240      240        E        4       0
                text4                               180      180       48        4       0
                text3                               25A      25A        A        4       0
                text2                               22C      22C       14        4       0
                text1                               138      138       48        4       0
                cstackCOMRAM                          1        1       25        1       1
                bssBANK2                            200      200       C8      200       1
                bssBANK1                            100      100       C8      100       1
                bssCOMRAM                            26       26        5        1       1
                cinit                               204      204       28        4       0
                text0                               1C8      1C8       3C        4       0

TOTAL           Name                               Link     Load   Length     Space
        CLASS   STACK          

        CLASS   CODE           
                end_init                             18       18        4         0
                intcode                               8        8       10         0
                reset_vec                             0        0        4         0
                text8                               24E      24E        C         0
                text7                                B6       B6       82         0
                intcode_body                         1C       1C       9A         0
                text5                               240      240        E         0
                text4                               180      180       48         0
                text3                               25A      25A        A         0
                text2                               22C      22C       14         0
                text1                               138      138       48         0
                cinit                               204      204       28         0
                text0                               1C8      1C8       3C         0

        CLASS   CONST          

        CLASS   SMALLCONST     

        CLASS   MEDIUMCONST    

        CLASS   COMRAM         
                cstackCOMRAM                          1        1       25         1
                bssCOMRAM                            26       26        5         1

        CLASS   ABS1           

        CLASS   BIGRAM         

        CLASS   RAM            

        CLASS   BANK0          

        CLASS   BANK1          
                bssBANK1                            100      100       C8         1

        CLASS   BANK2          
                bssBANK2                            200      200       C8         1

        CLASS   BANK3          

        CLASS   BANK4          

        CLASS   BANK5          

        CLASS   SFR            

        CLASS   FARRAM         

        CLASS   CONFIG         
                config                           300000   300000        E         0

        CLASS   IDLOC          
                idloc                            200000   200000        8         0

        CLASS   EEDATA         



SEGMENTS        Name                           Load    Length   Top    Selector   Space  Class

                reset_vec                      000000  000004  000004         0       0  CODE    
                cstackCOMRAM                   000001  00002A  00002B         1       1  COMRAM  
                intcode                        000008  00025C  000264         4       0  CODE    
                bssBANK1                       000100  0000C8  0001C8       100       1  BANK1   
                bssBANK2                       000200  0000C8  0002C8       200       1  BANK2   
                idloc                          200000  000008  200008    200000       0  IDLOC   
                config                         300000  00000E  30000E    300000       0  CONFIG  


UNUSED ADDRESS RANGES

        Name                Unused          Largest block    Delta
        BANK0            000080-0000FF               80
        BANK1            0001C8-0001FF               38
        BANK2            0002C8-0002FF               38
        BANK3            000300-0003FF              100
        BANK4            000400-0004FF              100
        BANK5            000500-0005FF              100
        BIGRAM           00002B-0000FF               D5
                         0001C8-0001FF               38
                         0002C8-0005FF              338
        CODE             000004-000007                4
                         000264-007FFF             7D9C
        COMRAM           00002B-00007F               55
        CONST            000004-000007                4
                         000264-007FFF             7D9C
        EEDATA           F00000-F000FF              100
        MEDIUMCONST      000600-007FFF             7A00
        RAM              000080-0000FF               80
                         0001C8-0001FF               38
                         0002C8-0005FF              100
        SFR              000F80-000FFF               80
        SMALLCONST       000600-007FFF              100
        STACK            0002C8-0005FF              338

                                  Symbol Table

?___awmod                cstackCOMRAM 000001
?_read_id_module         cstackCOMRAM 000015
UART_Write@data          cstackCOMRAM 000015
_INTCONbits              (abs)        000FF2
_ISR                     intcode      000008
_OSCCONbits              (abs)        000FD3
_OSCTUNEbits             (abs)        000F9B
_PIE1bits                (abs)        000F9D
_PIR1bits                (abs)        000F9E
_PORTAbits               (abs)        000F80
_RCIF                    (abs)        007CF5
_RCREG                   (abs)        000FAE
_RCSTAbits               (abs)        000FAB
_RxBuffer                bssBANK1     000100
_SPBRG                   (abs)        000FAF
_TRISAbits               (abs)        000F92
_TRISCbits               (abs)        000F94
_TRMT                    (abs)        007D61
_TXREG                   (abs)        000FAD
_TXSTAbits               (abs)        000FAC
_TxBuffer                bssBANK2     000200
_UART_Read               text8        00024E
_UART_Write              text5        000240
__CFG_BOREN$SBORDIS      (abs)        000000
__CFG_BORV$3             (abs)        000000
__CFG_CCP2MX$PORTBE      (abs)        000000
__CFG_CP0$OFF            (abs)        000000
__CFG_CP1$OFF            (abs)        000000
__CFG_CP2$OFF            (abs)        000000
__CFG_CP3$OFF            (abs)        000000
__CFG_CPB$OFF            (abs)        000000
__CFG_CPD$OFF            (abs)        000000
__CFG_EBTR0$OFF          (abs)        000000
__CFG_EBTR1$OFF          (abs)        000000
__CFG_EBTR2$OFF          (abs)        000000
__CFG_EBTR3$OFF          (abs)        000000
__CFG_EBTRB$OFF          (abs)        000000
__CFG_FCMEN$OFF          (abs)        000000
__CFG_IESO$OFF           (abs)        000000
__CFG_LPT1OSC$ON         (abs)        000000
__CFG_LVP$OFF            (abs)        000000
__CFG_MCLRE$ON           (abs)        000000
__CFG_OSC$HS             (abs)        000000
__CFG_PBADEN$OFF         (abs)        000000
__CFG_PWRT$ON            (abs)        000000
__CFG_STVREN$ON          (abs)        000000
__CFG_WDT$OFF            (abs)        000000
__CFG_WDTPS$32768        (abs)        000000
__CFG_WRT0$OFF           (abs)        000000
__CFG_WRT1$OFF           (abs)        000000
__CFG_WRT2$OFF           (abs)        000000
__CFG_WRT3$OFF           (abs)        000000
__CFG_WRTB$OFF           (abs)        000000
__CFG_WRTC$OFF           (abs)        000000
__CFG_WRTD$OFF           (abs)        000000
__CFG_XINST$OFF          (abs)        000000
__HRAM                   (abs)        000000
__Habs1                  abs1         000000
__Hbank0                 bank0        000000
__Hbank1                 bank1        000000
__Hbank2                 bank2        000000
__Hbank3                 bank3        000000
__Hbank4                 bank4        000000
__Hbank5                 bank5        000000
__Hbigbss                bigbss       000000
__Hbigdata               bigdata      000000
__Hbigram                bigram       000000
__Hbss                   bss          000000
__HbssBANK1              bssBANK1     000000
__HbssBANK2              bssBANK2     000000
__HbssCOMRAM             bssCOMRAM    000000
__Hcinit                 cinit        000000
__Hclrtext               clrtext      000000
__Hcomram                comram       000000
__Hconfig                config       30000E
__Hconst                 const        000000
__HcstackCOMRAM          cstackCOMRAM 000000
__Hdata                  data         000000
__Heeprom_data           eeprom_data  000000
__Hend_init              end_init     00001C
__Hfarbss                farbss       000000
__Hfardata               fardata      000000
__Hibigdata              ibigdata     000000
__Hidata                 idata        000000
__Hidloc                 idloc        200008
__Hifardata              ifardata     000000
__Hinit                  init         000018
__Hintcode               intcode      000018
__Hintcode_body          intcode_body 000000
__Hintcodelo             intcodelo    000018
__Hintentry              intentry     000000
__Hintret                intret       000000
__Hintsave_regs          intsave_regs 000000
__Hirdata                irdata       000000
__Hmediumconst           mediumconst  000000
__HnvFARRAM              nvFARRAM     000000
__Hnvbit                 nvbit        000000
__Hnvrram                nvrram       000000
__Hparam                 rparam       000000
__Hpowerup               powerup      000018
__Hram                   ram          000000
__Hramtop                ramtop       000600
__Hrbit                  rbit         000000
__Hrbss                  rbss         000000
__Hrdata                 rdata        000000
__Hreset_vec             reset_vec    000004
__Hrparam                rparam       000000
__Hsfr                   sfr          000000
__Hsmallconst            smallconst   000000
__Hspace_0               (abs)        30000E
__Hspace_1               (abs)        0002C8
__Hspace_2               (abs)        000000
__Hstack                 stack        000000
__Hstruct                struct       000000
__Htemp                  temp         000000
__Htext                  text         000000
__Htext0                 text0        000000
__Htext1                 text1        000000
__Htext2                 text2        000000
__Htext3                 text3        000000
__Htext4                 text4        000000
__Htext5                 text5        000000
__Htext7                 text7        000000
__Htext8                 text8        000000
__LRAM                   (abs)        000001
__Labs1                  abs1         000000
__Lbank0                 bank0        000000
__Lbank1                 bank1        000000
__Lbank2                 bank2        000000
__Lbank3                 bank3        000000
__Lbank4                 bank4        000000
__Lbank5                 bank5        000000
__Lbigbss                bigbss       000000
__Lbigdata               bigdata      000000
__Lbigram                bigram       000000
__Lbss                   bss          000000
__LbssBANK1              bssBANK1     000000
__LbssBANK2              bssBANK2     000000
__LbssCOMRAM             bssCOMRAM    000000
__Lcinit                 cinit        000000
__Lclrtext               clrtext      000000
__Lcomram                comram       000000
__Lconfig                config       300000
__Lconst                 const        000000
__LcstackCOMRAM          cstackCOMRAM 000000
__Ldata                  data         000000
__Leeprom_data           eeprom_data  000000
__Lend_init              end_init     000018
__Lfarbss                farbss       000000
__Lfardata               fardata      000000
__Libigdata              ibigdata     000000
__Lidata                 idata        000000
__Lidloc                 idloc        200000
__Lifardata              ifardata     000000
__Linit                  init         000018
__Lintcode               intcode      000008
__Lintcode_body          intcode_body 000000
__Lintcodelo             intcodelo    000018
__Lintentry              intentry     000000
__Lintret                intret       000000
__Lintsave_regs          intsave_regs 000000
__Lirdata                irdata       000000
__Lmediumconst           mediumconst  000000
__LnvFARRAM              nvFARRAM     000000
__Lnvbit                 nvbit        000000
__Lnvrram                nvrram       000000
__Lparam                 rparam       000000
__Lpowerup               powerup      000018
__Lram                   ram          000000
__Lramtop                ramtop       000600
__Lrbit                  rbit         000000
__Lrbss                  rbss         000000
__Lrdata                 rdata        000000
__Lreset_vec             reset_vec    000000
__Lrparam                rparam       000000
__Lsfr                   sfr          000000
__Lsmallconst            smallconst   000000
__Lspace_0               (abs)        000000
__Lspace_1               (abs)        000000
__Lspace_2               (abs)        000000
__Lstack                 stack        000000
__Lstruct                struct       000000
__Ltemp                  temp         000000
__Ltext                  text         000000
__Ltext0                 text0        000000
__Ltext1                 text1        000000
__Ltext2                 text2        000000
__Ltext3                 text3        000000
__Ltext4                 text4        000000
__Ltext5                 text5        000000
__Ltext7                 text7        000000
__Ltext8                 text8        000000
__S0                     (abs)        30000E
__S1                     (abs)        0002C8
__S2                     (abs)        000000
___awmod                 text7        0000B6
___awmod@counter         cstackCOMRAM 000005
___awmod@dividend        cstackCOMRAM 000001
___awmod@divisor         cstackCOMRAM 000003
___awmod@sign            cstackCOMRAM 000006
___inthi_sp              stack        000000
___intlo_sp              stack        000000
___param_bank            (abs)        000010
___rparam_used           (abs)        000001
___sp                    stack        000000
__accesstop              (abs)        000080
__activetblptr           (abs)        000000
__end_of_ISR             intcode_body 0000B6
__end_of_UART_Read       text8        00025A
__end_of_UART_Write      text5        00024E
__end_of___awmod         text7        000138
__end_of__initialization cinit        000226
__end_of_delay_TLS0101   text4        0001C8
__end_of_init_IOPin      text3        000264
__end_of_init_USART      text2        000240
__end_of_main            text0        000204
__end_of_read_id_module  text1        000180
__initialization         cinit        000204
__mediumconst            mediumconst  000000
__pbssBANK1              bssBANK1     000100
__pbssBANK2              bssBANK2     000200
__pbssCOMRAM             bssCOMRAM    000026
__pcinit                 cinit        000204
__pcstackCOMRAM          cstackCOMRAM 000001
__pintcode               intcode      000008
__pintcode_body          intcode_body 00001C
__ptext0                 text0        0001C8
__ptext1                 text1        000138
__ptext2                 text2        00022C
__ptext3                 text3        00025A
__ptext4                 text4        000180
__ptext5                 text5        000240
__ptext7                 text7        0000B6
__ptext8                 text8        00024E
__ramtop                 ramtop       000600
__size_of_ISR            (abs)        000000
__size_of_UART_Read      (abs)        000000
__size_of_UART_Write     (abs)        000000
__size_of___awmod        (abs)        000000
__size_of_delay_TLS0101  (abs)        000000
__size_of_init_IOPin     (abs)        000000
__size_of_init_USART     (abs)        000000
__size_of_main           (abs)        000000
__size_of_read_id_module (abs)        000000
__smallconst             smallconst   000000
_delay_TLS0101           text4        000180
_iRx                     bssCOMRAM    000026
_iRxLecture              bssCOMRAM    000028
_init_IOPin              text3        00025A
_init_USART              text2        00022C
_main                    text0        0001C8
_read_id_module          text1        000138
_t                       bssCOMRAM    00002A
delay_TLS0101@delayVal   cstackCOMRAM 000015
delay_TLS0101@i          cstackCOMRAM 00001D
end_of_initialization    cinit        000226
int_func                 intcode_body 00001C
intlevel0                text         000000
intlevel1                text         000000
intlevel2                text         000000
intlevel3                text         000000
read_id_module@id        cstackCOMRAM 000017
stackhi                  (abs)        0005FF
stacklo                  (abs)        0002C8
start                    init         000018
start_initialization     cinit        000204


FUNCTION INFORMATION:

 *************** function _main *****************
 Defined at:
		line 161 in file "main.c"
 Parameters:    Size  Location     Type
  argc            2   32[COMRAM] int 
  argv            3   34[COMRAM] PTR PTR unsigned char 
 Auto vars:     Size  Location     Type
		None
 Return value:  Size  Location     Type
                  2   32[COMRAM] int 
 Registers used:
		wreg, status,2, status,0, cstack
 Tracked objects:
		On entry : 
		On exit  : 
		Unchanged: 
 Data sizes:     COMRAM   BANK0   BANK1   BANK2   BANK3   BANK4   BANK5
      Params:         5       0       0       0       0       0       0
      Locals:         0       0       0       0       0       0       0
      Temps:          0       0       0       0       0       0       0
      Totals:         5       0       0       0       0       0       0
Total ram usage:        5 bytes
 Hardware stack levels required when called:    3
 This function calls:
		_UART_Write
		_delay_TLS0101
		_init_IOPin
		_init_USART
		_read_id_module
 This function is called by:
		Startup code after reset
 This function uses a non-reentrant model


 *************** function _read_id_module *****************
 Defined at:
		line 144 in file "main.c"
 Parameters:    Size  Location     Type
		None
 Auto vars:     Size  Location     Type
  id              2   22[COMRAM] int 
 Return value:  Size  Location     Type
                  2   20[COMRAM] int 
 Registers used:
		wreg, status,2, status,0
 Tracked objects:
		On entry : 
		On exit  : 
		Unchanged: 
 Data sizes:     COMRAM   BANK0   BANK1   BANK2   BANK3   BANK4   BANK5
      Params:         2       0       0       0       0       0       0
      Locals:         2       0       0       0       0       0       0
      Temps:          0       0       0       0       0       0       0
      Totals:         4       0       0       0       0       0       0
Total ram usage:        4 bytes
 Hardware stack levels used:    1
 Hardware stack levels required when called:    2
 This function calls:
		Nothing
 This function is called by:
		_main
 This function uses a non-reentrant model


 *************** function _init_USART *****************
 Defined at:
		line 103 in file "main.c"
 Parameters:    Size  Location     Type
		None
 Auto vars:     Size  Location     Type
		None
 Return value:  Size  Location     Type
		None               void
 Registers used:
		wreg, status,2
 Tracked objects:
		On entry : 
		On exit  : 
		Unchanged: 
 Data sizes:     COMRAM   BANK0   BANK1   BANK2   BANK3   BANK4   BANK5
      Params:         0       0       0       0       0       0       0
      Locals:         0       0       0       0       0       0       0
      Temps:          0       0       0       0       0       0       0
      Totals:         0       0       0       0       0       0       0
Total ram usage:        0 bytes
 Hardware stack levels used:    1
 Hardware stack levels required when called:    2
 This function calls:
		Nothing
 This function is called by:
		_main
 This function uses a non-reentrant model


 *************** function _init_IOPin *****************
 Defined at:
		line 119 in file "main.c"
 Parameters:    Size  Location     Type
		None
 Auto vars:     Size  Location     Type
		None
 Return value:  Size  Location     Type
		None               void
 Registers used:
		None
 Tracked objects:
		On entry : 
		On exit  : 
		Unchanged: 
 Data sizes:     COMRAM   BANK0   BANK1   BANK2   BANK3   BANK4   BANK5
      Params:         0       0       0       0       0       0       0
      Locals:         0       0       0       0       0       0       0
      Temps:          0       0       0       0       0       0       0
      Totals:         0       0       0       0       0       0       0
Total ram usage:        0 bytes
 Hardware stack levels used:    1
 Hardware stack levels required when called:    2
 This function calls:
		Nothing
 This function is called by:
		_main
 This function uses a non-reentrant model


 *************** function _delay_TLS0101 *****************
 Defined at:
		line 94 in file "main.c"
 Parameters:    Size  Location     Type
  delayVal        4   20[COMRAM] unsigned long 
 Auto vars:     Size  Location     Type
  i               4   28[COMRAM] unsigned long 
 Return value:  Size  Location     Type
		None               void
 Registers used:
		wreg, status,2, status,0
 Tracked objects:
		On entry : 
		On exit  : 
		Unchanged: 
 Data sizes:     COMRAM   BANK0   BANK1   BANK2   BANK3   BANK4   BANK5
      Params:         4       0       0       0       0       0       0
      Locals:         4       0       0       0       0       0       0
      Temps:          4       0       0       0       0       0       0
      Totals:        12       0       0       0       0       0       0
Total ram usage:       12 bytes
 Hardware stack levels used:    1
 Hardware stack levels required when called:    2
 This function calls:
		Nothing
 This function is called by:
		_main
 This function uses a non-reentrant model


 *************** function _UART_Write *****************
 Defined at:
		line 138 in file "main.c"
 Parameters:    Size  Location     Type
  data            1    wreg     unsigned char 
 Auto vars:     Size  Location     Type
  data            1   20[COMRAM] unsigned char 
 Return value:  Size  Location     Type
		None               void
 Registers used:
		wreg
 Tracked objects:
		On entry : 
		On exit  : 
		Unchanged: 
 Data sizes:     COMRAM   BANK0   BANK1   BANK2   BANK3   BANK4   BANK5
      Params:         0       0       0       0       0       0       0
      Locals:         1       0       0       0       0       0       0
      Temps:          0       0       0       0       0       0       0
      Totals:         1       0       0       0       0       0       0
Total ram usage:        1 bytes
 Hardware stack levels used:    1
 Hardware stack levels required when called:    2
 This function calls:
		Nothing
 This function is called by:
		_main
 This function uses a non-reentrant model


 *************** function _ISR *****************
 Defined at:
		line 180 in file "main.c"
 Parameters:    Size  Location     Type
		None
 Auto vars:     Size  Location     Type
		None
 Return value:  Size  Location     Type
		None               void
 Registers used:
		wreg, fsr2l, fsr2h, status,2, status,0, cstack
 Tracked objects:
		On entry : 
		On exit  : 
		Unchanged: 
 Data sizes:     COMRAM   BANK0   BANK1   BANK2   BANK3   BANK4   BANK5
      Params:         0       0       0       0       0       0       0
      Locals:         0       0       0       0       0       0       0
      Temps:         14       0       0       0       0       0       0
      Totals:        14       0       0       0       0       0       0
Total ram usage:       14 bytes
 Hardware stack levels used:    1
 Hardware stack levels required when called:    1
 This function calls:
		_UART_Read
		___awmod
 This function is called by:
		Interrupt level 2
 This function uses a non-reentrant model


 *************** function ___awmod *****************
 Defined at:
		line 8 in file "/Applications/microchip/xc8/v1.34/sources/common/awmod.c"
 Parameters:    Size  Location     Type
  dividend        2    0[COMRAM] int 
  divisor         2    2[COMRAM] int 
 Auto vars:     Size  Location     Type
  sign            1    5[COMRAM] unsigned char 
  counter         1    4[COMRAM] unsigned char 
 Return value:  Size  Location     Type
                  2    0[COMRAM] int 
 Registers used:
		wreg, status,2, status,0
 Tracked objects:
		On entry : 
		On exit  : 
		Unchanged: 
 Data sizes:     COMRAM   BANK0   BANK1   BANK2   BANK3   BANK4   BANK5
      Params:         4       0       0       0       0       0       0
      Locals:         2       0       0       0       0       0       0
      Temps:          0       0       0       0       0       0       0
      Totals:         6       0       0       0       0       0       0
Total ram usage:        6 bytes
 Hardware stack levels used:    1
 This function calls:
		Nothing
 This function is called by:
		_ISR
 This function uses a non-reentrant model


 *************** function _UART_Read *****************
 Defined at:
		line 126 in file "main.c"
 Parameters:    Size  Location     Type
		None
 Auto vars:     Size  Location     Type
		None
 Return value:  Size  Location     Type
                  1    wreg      unsigned char 
 Registers used:
		wreg, status,2
 Tracked objects:
		On entry : 
		On exit  : 
		Unchanged: 
 Data sizes:     COMRAM   BANK0   BANK1   BANK2   BANK3   BANK4   BANK5
      Params:         0       0       0       0       0       0       0
      Locals:         0       0       0       0       0       0       0
      Temps:          0       0       0       0       0       0       0
      Totals:         0       0       0       0       0       0       0
Total ram usage:        0 bytes
 Hardware stack levels used:    1
 This function calls:
		Nothing
 This function is called by:
		_ISR
 This function uses a non-reentrant model



MODULE INFORMATION

Module		Function		Class		Link	Load	Size
/Applications/microchip/xc8/v1.34/sources/common/awmod.c
		___awmod       		CODE           	00B6	0000	131

/Applications/microchip/xc8/v1.34/sources/common/awmod.c estimated size: 131

shared
		__initializatio		CODE           	0204	0000	35

shared estimated size: 35

main.c
		_ISR           		CODE           	0008	0000	171
		_UART_Read     		CODE           	024E	0000	13
		_main          		CODE           	01C8	0000	61
		_delay_TLS0101 		CODE           	0180	0000	73
		_init_USART    		CODE           	022C	0000	21
		_read_id_module		CODE           	0138	0000	73
		_UART_Write    		CODE           	0240	0000	15
		_init_IOPin    		CODE           	025A	0000	11

main.c estimated size: 438

