Microchip MPLAB XC8 Compiler V1.34 ()

Linker command line:

--edf=/Applications/microchip/xc8/v1.34/dat/en_msgs.txt -cs \
  -h+dist/default/debug/ModuleGarage.X.debug.sym \
  --cmf=dist/default/debug/ModuleGarage.X.debug.cmf -z -Q18F2520 \
  -o/tmp/cgtC71EMJ -Mdist/default/debug/ModuleGarage.X.debug.map -E1 \
  -ver=XC8 -ASTACK=02C8h-05eeh -pstack=STACK -ACODE=00h-07CFFh \
  -ACONST=00h-07CFFh -ASMALLCONST=0600h-06FFhx119 \
  -AMEDIUMCONST=0600h-07CFFh -ACOMRAM=01h-07Fh -AABS1=00h-05EEh \
  -ABIGRAM=01h-05EEh -ARAM=080h-0FFh,0100h-01FFhx4,0500h-05EEh \
  -ABANK0=080h-0FFh -ABANK1=0100h-01FFh -ABANK2=0200h-02FFh \
  -ABANK3=0300h-03FFh -ABANK4=0400h-04FFh -ABANK5=0500h-05EEh \
  -ASFR=0F80h-0F9Bh,0F9Dh-0FD3h,0FD5h-0FDAh,0FE0h-0FE2h,0FE8h-0FEAh,0FF0h-0FFBh \
  -preset_vec=00h,intcode=08h,intcodelo,powerup,init,end_init \
  -pramtop=0600h -psmallconst=SMALLCONST -pmediumconst=MEDIUMCONST \
  -pconst=CONST -AFARRAM=00h-00h -ACONFIG=0300000h-030000Dh -pconfig=CONFIG \
  -AIDLOC=0200000h-0200007h -pidloc=IDLOC -AEEDATA=0F00000h-0F000FFh \
  -peeprom_data=EEDATA \
  -prdata=COMRAM,nvrram=COMRAM,nvbit=COMRAM,rbss=COMRAM,rbit=COMRAM \
  -pfarbss=FARRAM,fardata=FARRAM,nvFARRAM=FARRAM \
  -pintsave_regs=BIGRAM,bigbss=BIGRAM,bigdata=BIGRAM -pbss=RAM \
  -pidata=CODE,irdata=CODE,ibigdata=CODE,ifardata=CODE -prparam=COMRAM \
  /tmp/cgthzs8IX.obj dist/default/debug/ModuleGarage.X.debug.obj 

Object code version is 3.11

Machine type is 18F2520

Call graph: (short form)




                Name                               Link     Load   Length Selector   Space Scale
/tmp/cgthzs8IX.obj
                end_init                             18       18        4        4       0
                reset_vec                             0        0        6        0       0
                idloc                            200000   200000        8   200000       0
                config                           300000   300000        E   300000       0
dist/default/debug/ModuleGarage.X.debug.obj
                intcode                               8        8       10        4       0
                smallconst                          600      600       12      300       0
                text5                               71E      71E        E      309       0
                intcode_body                        612      612       7A      309       0
                text3                               710      710        E      309       0
                text2                               68C      68C       2C      309       0
                text1                               6FC      6FC       14      309       0
                text0                               6E2      6E2       1A      309       0
                cstackCOMRAM                          1        1       17        1       1
                bssBANK2                            200      200       C8      200       1
                bssBANK1                            100      100       C8      100       1
                bssCOMRAM                            18       18        2        1       1
                cinit                               6B8      6B8       2A      309       0

TOTAL           Name                               Link     Load   Length     Space
        CLASS   STACK          

        CLASS   CODE           
                end_init                             18       18        4         0
                intcode                               8        8       10         0
                reset_vec                             0        0        6         0
                text5                               71E      71E        E         0
                intcode_body                        612      612       7A         0
                text3                               710      710        E         0
                text2                               68C      68C       2C         0
                text1                               6FC      6FC       14         0
                text0                               6E2      6E2       1A         0
                cinit                               6B8      6B8       2A         0

        CLASS   CONST          

        CLASS   SMALLCONST     
                smallconst                          600      600       12         0

        CLASS   MEDIUMCONST    

        CLASS   COMRAM         
                cstackCOMRAM                          1        1       17         1
                bssCOMRAM                            18       18        2         1

        CLASS   ABS1           

        CLASS   BIGRAM         

        CLASS   RAM            

        CLASS   BANK0          

        CLASS   BANK1          
                bssBANK1                            100      100       C8         1

        CLASS   BANK2          
                bssBANK2                            200      200       C8         1

        CLASS   BANK3          

        CLASS   BANK4          

        CLASS   BANK5          

        CLASS   SFR            

        CLASS   FARRAM         

        CLASS   CONFIG         
                config                           300000   300000        E         0

        CLASS   IDLOC          
                idloc                            200000   200000        8         0

        CLASS   EEDATA         



SEGMENTS        Name                           Load    Length   Top    Selector   Space  Class

                reset_vec                      000000  000006  000006         0       0  CODE    
                cstackCOMRAM                   000001  000019  00001A         1       1  COMRAM  
                intcode                        000008  000014  00001C         4       0  CODE    
                bssBANK1                       000100  0000C8  0001C8       100       1  BANK1   
                bssBANK2                       000200  0000C8  0002C8       200       1  BANK2   
                smallconst                     000600  000012  000612       300       0  SMALLCON
                intcode_body                   000612  00011A  00072C       309       0  CODE    
                idloc                          200000  000008  200008    200000       0  IDLOC   
                config                         300000  00000E  30000E    300000       0  CONFIG  


UNUSED ADDRESS RANGES

        Name                Unused          Largest block    Delta
        BANK0            000080-0000FF               80
        BANK1            0001C8-0001FF               38
        BANK2            0002C8-0002FF               38
        BANK3            000300-0003FF              100
        BANK4            000400-0004FF              100
        BANK5            000500-0005EE               EF
        BIGRAM           00001A-0000FF               E6
                         0001C8-0001FF               38
                         0002C8-0005EE              327
        CODE             000006-000007                2
                         00001C-0005FF              5E4
                         00072C-007CFF             75D4
        COMRAM           00001A-00007F               66
        CONST            000006-000007                2
                         00001C-0005FF              5E4
                         00072C-007CFF             75D4
        EEDATA           F00000-F000FF              100
        MEDIUMCONST      00072C-007CFF             75D4
        RAM              000080-0000FF               80
                         0001C8-0001FF               38
                         0002C8-0005EE              100
        SFR              000F80-000F9B               1C
                         000F9D-000FD3               37
                         000FD5-000FDA                6
                         000FE0-000FE2                3
                         000FE8-000FEA                3
                         000FF0-000FFB                C
        SMALLCONST       00072C-007CFF              100
        STACK            0002C8-0005EE              327

                                  Symbol Table

USART_putc@c             cstackCOMRAM 000010
USART_puts@s             cstackCOMRAM 000011
_ADCON0bits              (abs)        000FC2
_ADCON1bits              (abs)        000FC1
_ADRESH                  (abs)        000FC4
_ADRESL                  (abs)        000FC3
_INTCONbits              (abs)        000FF2
_ISR                     intcode      000008
_PIE1bits                (abs)        000F9D
_PIR1bits                (abs)        000F9E
_RCREG                   (abs)        000FAE
_RCSTAbits               (abs)        000FAB
_RxBuffer                bssBANK1     000100
_SPBRG                   (abs)        000FAF
_TRISA                   (abs)        000F92
_TRISCbits               (abs)        000F94
_TXREG                   (abs)        000FAD
_TXSTAbits               (abs)        000FAC
_TxBuffer                bssBANK2     000200
_USART_putc              text3        000710
_USART_puts              text2        00068C
__CFG_BOREN$SBORDIS      (abs)        000000
__CFG_BORV$3             (abs)        000000
__CFG_CCP2MX$PORTBE      (abs)        000000
__CFG_CP0$OFF            (abs)        000000
__CFG_CP1$OFF            (abs)        000000
__CFG_CP2$OFF            (abs)        000000
__CFG_CP3$OFF            (abs)        000000
__CFG_CPB$OFF            (abs)        000000
__CFG_CPD$OFF            (abs)        000000
__CFG_EBTR0$OFF          (abs)        000000
__CFG_EBTR1$OFF          (abs)        000000
__CFG_EBTR2$OFF          (abs)        000000
__CFG_EBTR3$OFF          (abs)        000000
__CFG_EBTRB$OFF          (abs)        000000
__CFG_FCMEN$OFF          (abs)        000000
__CFG_IESO$OFF           (abs)        000000
__CFG_LPT1OSC$ON         (abs)        000000
__CFG_LVP$OFF            (abs)        000000
__CFG_MCLRE$ON           (abs)        000000
__CFG_OSC$XT             (abs)        000000
__CFG_PBADEN$OFF         (abs)        000000
__CFG_PWRT$OFF           (abs)        000000
__CFG_STVREN$ON          (abs)        000000
__CFG_WDT$OFF            (abs)        000000
__CFG_WDTPS$32768        (abs)        000000
__CFG_WRT0$OFF           (abs)        000000
__CFG_WRT1$OFF           (abs)        000000
__CFG_WRT2$OFF           (abs)        000000
__CFG_WRT3$OFF           (abs)        000000
__CFG_WRTB$OFF           (abs)        000000
__CFG_WRTC$OFF           (abs)        000000
__CFG_WRTD$OFF           (abs)        000000
__CFG_XINST$OFF          (abs)        000000
__HRAM                   (abs)        000000
__Habs1                  abs1         000000
__Hbank0                 bank0        000000
__Hbank1                 bank1        000000
__Hbank2                 bank2        000000
__Hbank3                 bank3        000000
__Hbank4                 bank4        000000
__Hbank5                 bank5        000000
__Hbigbss                bigbss       000000
__Hbigdata               bigdata      000000
__Hbigram                bigram       000000
__Hbss                   bss          000000
__HbssBANK1              bssBANK1     000000
__HbssBANK2              bssBANK2     000000
__HbssCOMRAM             bssCOMRAM    000000
__Hcinit                 cinit        000000
__Hclrtext               clrtext      000000
__Hcomram                comram       000000
__Hconfig                config       30000E
__Hconst                 const        000000
__HcstackCOMRAM          cstackCOMRAM 000000
__Hdata                  data         000000
__Heeprom_data           eeprom_data  000000
__Hend_init              end_init     00001C
__Hfarbss                farbss       000000
__Hfardata               fardata      000000
__Hibigdata              ibigdata     000000
__Hidata                 idata        000000
__Hidloc                 idloc        200008
__Hifardata              ifardata     000000
__Hinit                  init         000018
__Hintcode               intcode      000018
__Hintcode_body          intcode_body 000000
__Hintcodelo             intcodelo    000018
__Hintentry              intentry     000000
__Hintret                intret       000000
__Hintsave_regs          intsave_regs 000000
__Hirdata                irdata       000000
__Hmediumconst           mediumconst  000000
__HnvFARRAM              nvFARRAM     000000
__Hnvbit                 nvbit        000000
__Hnvrram                nvrram       000000
__Hparam                 rparam       000000
__Hpowerup               powerup      000018
__Hram                   ram          000000
__Hramtop                ramtop       000600
__Hrbit                  rbit         000000
__Hrbss                  rbss         000000
__Hrdata                 rdata        000000
__Hreset_vec             reset_vec    000006
__Hrparam                rparam       000000
__Hsfr                   sfr          000000
__Hsmallconst            smallconst   000612
__Hspace_0               (abs)        30000E
__Hspace_1               (abs)        0002C8
__Hspace_2               (abs)        000000
__Hstack                 stack        000000
__Hstruct                struct       000000
__Htemp                  temp         000000
__Htext                  text         000000
__Htext0                 text0        000000
__Htext1                 text1        000000
__Htext2                 text2        000000
__Htext3                 text3        000000
__Htext5                 text5        000000
__LRAM                   (abs)        000001
__Labs1                  abs1         000000
__Lbank0                 bank0        000000
__Lbank1                 bank1        000000
__Lbank2                 bank2        000000
__Lbank3                 bank3        000000
__Lbank4                 bank4        000000
__Lbank5                 bank5        000000
__Lbigbss                bigbss       000000
__Lbigdata               bigdata      000000
__Lbigram                bigram       000000
__Lbss                   bss          000000
__LbssBANK1              bssBANK1     000000
__LbssBANK2              bssBANK2     000000
__LbssCOMRAM             bssCOMRAM    000000
__Lcinit                 cinit        000000
__Lclrtext               clrtext      000000
__Lcomram                comram       000000
__Lconfig                config       300000
__Lconst                 const        000000
__LcstackCOMRAM          cstackCOMRAM 000000
__Ldata                  data         000000
__Leeprom_data           eeprom_data  000000
__Lend_init              end_init     000018
__Lfarbss                farbss       000000
__Lfardata               fardata      000000
__Libigdata              ibigdata     000000
__Lidata                 idata        000000
__Lidloc                 idloc        200000
__Lifardata              ifardata     000000
__Linit                  init         000018
__Lintcode               intcode      000008
__Lintcode_body          intcode_body 000000
__Lintcodelo             intcodelo    000018
__Lintentry              intentry     000000
__Lintret                intret       000000
__Lintsave_regs          intsave_regs 000000
__Lirdata                irdata       000000
__Lmediumconst           mediumconst  000000
__LnvFARRAM              nvFARRAM     000000
__Lnvbit                 nvbit        000000
__Lnvrram                nvrram       000000
__Lparam                 rparam       000000
__Lpowerup               powerup      000018
__Lram                   ram          000000
__Lramtop                ramtop       000600
__Lrbit                  rbit         000000
__Lrbss                  rbss         000000
__Lrdata                 rdata        000000
__Lreset_vec             reset_vec    000000
__Lrparam                rparam       000000
__Lsfr                   sfr          000000
__Lsmallconst            smallconst   000600
__Lspace_0               (abs)        000000
__Lspace_1               (abs)        000000
__Lspace_2               (abs)        000000
__Lstack                 stack        000000
__Lstruct                struct       000000
__Ltemp                  temp         000000
__Ltext                  text         000000
__Ltext0                 text0        000000
__Ltext1                 text1        000000
__Ltext2                 text2        000000
__Ltext3                 text3        000000
__Ltext5                 text5        000000
__S0                     (abs)        30000E
__S1                     (abs)        0002C8
__S2                     (abs)        000000
___inthi_sp              stack        000000
___intlo_sp              stack        000000
___param_bank            (abs)        000010
___rparam_used           (abs)        000001
___sp                    stack        000000
__accesstop              (abs)        000080
__activetblptr           (abs)        000001
__end_of_ISR             intcode_body 00068C
__end_of_USART_putc      text3        00071E
__end_of_USART_puts      text2        0006B8
__end_of__initialization cinit        0006D4
__end_of_init_USART      text1        000710
__end_of_main            text0        0006FC
__end_ofi2_USART_putc    text5        00072C
__initialization         cinit        0006B8
__mediumconst            mediumconst  000000
__pbssBANK1              bssBANK1     000100
__pbssBANK2              bssBANK2     000200
__pbssCOMRAM             bssCOMRAM    000018
__pcinit                 cinit        0006B8
__pcstackCOMRAM          cstackCOMRAM 000001
__pintcode               intcode      000008
__pintcode_body          intcode_body 000612
__psmallconst            smallconst   000600
__ptext0                 text0        0006E2
__ptext1                 text1        0006FC
__ptext2                 text2        00068C
__ptext3                 text3        000710
__ptext5                 text5        00071E
__ramtop                 ramtop       000600
__size_of_ISR            (abs)        000000
__size_of_USART_putc     (abs)        000000
__size_of_USART_puts     (abs)        000000
__size_of_init_USART     (abs)        000000
__size_of_main           (abs)        000000
__size_ofi2_USART_putc   (abs)        000000
__smallconst             smallconst   000600
_init_USART              text1        0006FC
_main                    text0        0006E2
_rcindex                 bssCOMRAM    000018
_t                       bssCOMRAM    000019
end_of_initialization    cinit        0006D4
i2USART_putc@c           cstackCOMRAM 000001
i2_USART_putc            text5        00071E
int_func                 intcode_body 000612
intlevel0                text         000000
intlevel1                text         000000
intlevel2                text         000000
intlevel3                text         000000
stackhi                  (abs)        0005EE
stacklo                  (abs)        0002C8
start                    init         000018
start_initialization     cinit        0006B8


FUNCTION INFORMATION:

 *************** function _main *****************
 Defined at:
		line 136 in file "main.c"
 Parameters:    Size  Location     Type
  argc            2   18[COMRAM] int 
  argv            3   20[COMRAM] PTR PTR unsigned char 
 Auto vars:     Size  Location     Type
		None
 Return value:  Size  Location     Type
                  2   18[COMRAM] int 
 Registers used:
		wreg, status,2, status,0, tblptrl, tblptrh, tblptru, cstack
 Tracked objects:
		On entry : 
		On exit  : 
		Unchanged: 
 Data sizes:     COMRAM   BANK0   BANK1   BANK2   BANK3   BANK4   BANK5
      Params:         5       0       0       0       0       0       0
      Locals:         0       0       0       0       0       0       0
      Temps:          0       0       0       0       0       0       0
      Totals:         5       0       0       0       0       0       0
Total ram usage:        5 bytes
 Hardware stack levels required when called:    4
 This function calls:
		_USART_puts
		_init_USART
 This function is called by:
		Startup code after reset
 This function uses a non-reentrant model


 *************** function _init_USART *****************
 Defined at:
		line 109 in file "main.c"
 Parameters:    Size  Location     Type
		None
 Auto vars:     Size  Location     Type
		None
 Return value:  Size  Location     Type
		None               void
 Registers used:
		wreg, status,2
 Tracked objects:
		On entry : 
		On exit  : 
		Unchanged: 
 Data sizes:     COMRAM   BANK0   BANK1   BANK2   BANK3   BANK4   BANK5
      Params:         0       0       0       0       0       0       0
      Locals:         0       0       0       0       0       0       0
      Temps:          0       0       0       0       0       0       0
      Totals:         0       0       0       0       0       0       0
Total ram usage:        0 bytes
 Hardware stack levels used:    1
 Hardware stack levels required when called:    2
 This function calls:
		Nothing
 This function is called by:
		_main
 This function uses a non-reentrant model


 *************** function _USART_puts *****************
 Defined at:
		line 129 in file "main.c"
 Parameters:    Size  Location     Type
  s               2   16[COMRAM] PTR unsigned char 
		 -> STR_1(16), 
 Auto vars:     Size  Location     Type
		None
 Return value:  Size  Location     Type
		None               void
 Registers used:
		wreg, status,2, status,0, tblptrl, tblptrh, tblptru, cstack
 Tracked objects:
		On entry : 
		On exit  : 
		Unchanged: 
 Data sizes:     COMRAM   BANK0   BANK1   BANK2   BANK3   BANK4   BANK5
      Params:         2       0       0       0       0       0       0
      Locals:         0       0       0       0       0       0       0
      Temps:          0       0       0       0       0       0       0
      Totals:         2       0       0       0       0       0       0
Total ram usage:        2 bytes
 Hardware stack levels used:    1
 Hardware stack levels required when called:    3
 This function calls:
		_USART_putc
 This function is called by:
		_main
 This function uses a non-reentrant model


 *************** function _USART_putc *****************
 Defined at:
		line 124 in file "main.c"
 Parameters:    Size  Location     Type
  c               1    wreg     unsigned char 
 Auto vars:     Size  Location     Type
  c               1   15[COMRAM] unsigned char 
 Return value:  Size  Location     Type
		None               void
 Registers used:
		wreg
 Tracked objects:
		On entry : 
		On exit  : 
		Unchanged: 
 Data sizes:     COMRAM   BANK0   BANK1   BANK2   BANK3   BANK4   BANK5
      Params:         0       0       0       0       0       0       0
      Locals:         1       0       0       0       0       0       0
      Temps:          0       0       0       0       0       0       0
      Totals:         1       0       0       0       0       0       0
Total ram usage:        1 bytes
 Hardware stack levels used:    1
 Hardware stack levels required when called:    2
 This function calls:
		Nothing
 This function is called by:
		_USART_puts
 This function uses a non-reentrant model


 *************** function _ISR *****************
 Defined at:
		line 153 in file "main.c"
 Parameters:    Size  Location     Type
		None
 Auto vars:     Size  Location     Type
		None
 Return value:  Size  Location     Type
		None               void
 Registers used:
		wreg, status,2, cstack
 Tracked objects:
		On entry : 
		On exit  : 
		Unchanged: 
 Data sizes:     COMRAM   BANK0   BANK1   BANK2   BANK3   BANK4   BANK5
      Params:         0       0       0       0       0       0       0
      Locals:         0       0       0       0       0       0       0
      Temps:         14       0       0       0       0       0       0
      Totals:        14       0       0       0       0       0       0
Total ram usage:       14 bytes
 Hardware stack levels used:    1
 Hardware stack levels required when called:    1
 This function calls:
		i2_USART_putc
 This function is called by:
		Interrupt level 2
 This function uses a non-reentrant model


 *************** function i2_USART_putc *****************
 Defined at:
		line 124 in file "main.c"
 Parameters:    Size  Location     Type
  c               1    wreg     unsigned char 
 Auto vars:     Size  Location     Type
  c               1    0[COMRAM] unsigned char 
 Return value:  Size  Location     Type
		None               void
 Registers used:
		wreg
 Tracked objects:
		On entry : 
		On exit  : 
		Unchanged: 
 Data sizes:     COMRAM   BANK0   BANK1   BANK2   BANK3   BANK4   BANK5
      Params:         0       0       0       0       0       0       0
      Locals:         1       0       0       0       0       0       0
      Temps:          0       0       0       0       0       0       0
      Totals:         1       0       0       0       0       0       0
Total ram usage:        1 bytes
 Hardware stack levels used:    1
 This function calls:
		Nothing
 This function is called by:
		_ISR
 This function uses a non-reentrant model



MODULE INFORMATION

Module		Function		Class		Link	Load	Size
shared
		__initializatio		CODE           	06B8	0000	29
		i2_USART_putc  		CODE           	071E	0000	15

shared estimated size: 44

main.c
		_ISR           		CODE           	0008	0000	139
		_main          		CODE           	06E2	0000	27
		_init_USART    		CODE           	06FC	0000	21
		_USART_putc    		CODE           	0710	0000	15
		_USART_puts    		CODE           	068C	0000	45

main.c estimated size: 247

